2026.04.13 10:30:41 INFO  tracing is disabled for protocol LSP, to enable tracing of incoming and outgoing JSON messages create an empty file at f:\My-HarmonyOS\HarmonyOS-APP\qinxu\.metals\lsp.trace.json or C:\Users\yelan\AppData\Local\scalameta\metals\cache\lsp.trace.json
2026.04.13 10:30:42 INFO  logging to files F:\My-HarmonyOS\HarmonyOS-APP\qinxu\.metals\metals.log,F:\My-study\.metals\metals.log
2026.04.13 10:30:42 INFO  Started: Metals version 1.6.7 in folders 'F:\My-HarmonyOS\HarmonyOS-APP\qinxu, F:\My-study' for client Trae CN 1.107.1.
2026.04.13 10:30:42 INFO  Memory monitor started
2026.04.13 10:30:43 WARN  Using H2 2.4.240 which is newer than the version Flyway has been verified with. The latest verified version of H2 is 2.3.232.
2026.04.13 10:30:44 WARN  no build tool detected in workspace 'F:\My-study'. The most common cause for this problem is that the editor was opened in the wrong working directory, for example if you use sbt then the workspace directory should contain build.sbt. 
2026.04.13 10:30:44 WARN  Build server is not auto-connectable.
2026.04.13 10:30:44 WARN  no build target for: F:\My-study\cryptoframework-demo\java\CryptoDemo.java
2026.04.13 10:30:44 WARN  Using H2 2.4.240 which is newer than the version Flyway has been verified with. The latest verified version of H2 is 2.3.232.
2026.04.13 10:30:44 WARN  no build tool detected in workspace 'F:\My-HarmonyOS\HarmonyOS-APP\qinxu'. The most common cause for this problem is that the editor was opened in the wrong working directory, for example if you use sbt then the workspace directory should contain build.sbt. 
2026.04.13 10:30:44 WARN  Build server is not auto-connectable.
F:\My-study\cryptoframework-demo\java\CryptoDemo.java:10: ´íÎó: ±àÂë GBK µÄ²»¿ÉÓ³Éä×Ö·û (0x95)
 * æ”¯æŒ: AESã€RSAã€SHAã€HMACã€DES ç­‰ç®—æ³?
                                 ^
F:\My-study\cryptoframework-demo\java\CryptoDemo.java:130: ´íÎó: ±àÂë GBK µÄ²»¿ÉÓ³Éä×Ö·û (0x85)
        // âœ? ä¿®å¤ï¼šJDK17 å…¼å®¹ RSA-PSS ç­¾å
            ^
F:\My-study\cryptoframework-demo\java\CryptoDemo.java:139: ´íÎó: ±àÂë GBK µÄ²»¿ÉÓ³Éä×Ö·û (0x85)
        // âœ? ä¿®å¤ï¼šJDK17 å…¼å®¹ RSA-PSS éªŒç­¾
            ^
F:\My-study\cryptoframework-demo\java\CryptoDemo.java:263: ´íÎó: ±àÂë GBK µÄ²»¿ÉÓ³Éä×Ö·û (0x80)
            // éœ?è¦ä½¿ç”? Bouncy Castle ç­‰ç¬¬ä¸‰æ–¹åº?
                ^
F:\My-study\cryptoframework-demo\java\CryptoDemo.java:263: ´íÎó: ±àÂë GBK µÄ²»¿ÉÓ³Éä×Ö·û (0xA8)
            // éœ?è¦ä½¿ç”? Bouncy Castle ç­‰ç¬¬ä¸‰æ–¹åº?
                     ^
F:\My-study\cryptoframework-demo\java\CryptoDemo.java:263: ´íÎó: ±àÂë GBK µÄ²»¿ÉÓ³Éä×Ö·û (0x93)
            // éœ?è¦ä½¿ç”? Bouncy Castle ç­‰ç¬¬ä¸‰æ–¹åº?
                                            ^
F:\My-study\cryptoframework-demo\java\CryptoDemo.java:264: ´íÎó: ±àÂë GBK µÄ²»¿ÉÓ³Éä×Ö·û (0x80)
            // è¿™é‡Œè¿”å›ä¸?ä¸ªæ¨¡æ‹Ÿçš„ä¸»å¯†é’?
                      ^
F:\My-study\cryptoframework-demo\java\CryptoDemo.java:264: ´íÎó: ±àÂë GBK µÄ²»¿ÉÓ³Éä×Ö·û (0xA5)
            // è¿™é‡Œè¿”å›ä¸?ä¸ªæ¨¡æ‹Ÿçš„ä¸»å¯†é’?
                                 ^
F:\My-study\cryptoframework-demo\java\CryptoDemo.java:272: ´íÎó: ±àÂë GBK µÄ²»¿ÉÓ³Éä×Ö·û (0x80)
            // éœ?è¦ä½¿ç”? Bouncy Castle ç­‰ç¬¬ä¸‰æ–¹åº?
                ^
F:\My-study\cryptoframework-demo\java\CryptoDemo.java:272: ´íÎó: ±àÂë GBK µÄ²»¿ÉÓ³Éä×Ö·û (0xA8)
            // éœ?è¦ä½¿ç”? Bouncy Castle ç­‰ç¬¬ä¸‰æ–¹åº?
                     ^
F:\My-study\cryptoframework-demo\java\CryptoDemo.java:272: ´íÎó: ±àÂë GBK µÄ²»¿ÉÓ³Éä×Ö·û (0x93)
            // éœ?è¦ä½¿ç”? Bouncy Castle ç­‰ç¬¬ä¸‰æ–¹åº?
                                            ^
F:\My-study\cryptoframework-demo\java\CryptoDemo.java:273: ´íÎó: ±àÂë GBK µÄ²»¿ÉÓ³Éä×Ö·û (0x80)
            // è¿™é‡Œè¿”å›ä¸?ä¸ªæ¨¡æ‹Ÿçš„åŠ å¯†ç»“æœ
                      ^
F:\My-study\cryptoframework-demo\java\CryptoDemo.java:282: ´íÎó: ±àÂë GBK µÄ²»¿ÉÓ³Éä×Ö·û (0x80)
            // éœ?è¦ä½¿ç”? Bouncy Castle ç­‰ç¬¬ä¸‰æ–¹åº?
                ^
F:\My-study\cryptoframework-demo\java\CryptoDemo.java:282: ´íÎó: ±àÂë GBK µÄ²»¿ÉÓ³Éä×Ö·û (0xA8)
            // éœ?è¦ä½¿ç”? Bouncy Castle ç­‰ç¬¬ä¸‰æ–¹åº?
                     ^
F:\My-study\cryptoframework-demo\java\CryptoDemo.java:282: ´íÎó: ±àÂë GBK µÄ²»¿ÉÓ³Éä×Ö·û (0x93)
            // éœ?è¦ä½¿ç”? Bouncy Castle ç­‰ç¬¬ä¸‰æ–¹åº?
                                            ^
F:\My-study\cryptoframework-demo\java\CryptoDemo.java:283: ´íÎó: ±àÂë GBK µÄ²»¿ÉÓ³Éä×Ö·û (0x80)
            // è¿™é‡Œè¿”å›ä¸?ä¸ªæ¨¡æ‹Ÿçš„è§£å¯†ç»“æœ
                      ^
F:\My-study\cryptoframework-demo\java\CryptoDemo.java:291: ´íÎó: ±àÂë GBK µÄ²»¿ÉÓ³Éä×Ö·û (0x80)
            // éœ?è¦ä½¿ç”? Bouncy Castle ç­‰ç¬¬ä¸‰æ–¹åº?
                ^
F:\My-study\cryptoframework-demo\java\CryptoDemo.java:291: ´íÎó: ±àÂë GBK µÄ²»¿ÉÓ³Éä×Ö·û (0xA8)
            // éœ?è¦ä½¿ç”? Bouncy Castle ç­‰ç¬¬ä¸‰æ–¹åº?
                     ^
F:\My-study\cryptoframework-demo\java\CryptoDemo.java:291: ´íÎó: ±àÂë GBK µÄ²»¿ÉÓ³Éä×Ö·û (0x93)
            // éœ?è¦ä½¿ç”? Bouncy Castle ç­‰ç¬¬ä¸‰æ–¹åº?
                                            ^
F:\My-study\cryptoframework-demo\java\CryptoDemo.java:292: ´íÎó: ±àÂë GBK µÄ²»¿ÉÓ³Éä×Ö·û (0x80)
            // è¿™é‡Œè¿”å›ä¸?ä¸ªæ¨¡æ‹Ÿçš„ç­¾å
                      ^
F:\My-study\cryptoframework-demo\java\CryptoDemo.java:300: ´íÎó: ±àÂë GBK µÄ²»¿ÉÓ³Éä×Ö·û (0x80)
            // éœ?è¦ä½¿ç”? Bouncy Castle ç­‰ç¬¬ä¸‰æ–¹åº?
                ^
F:\My-study\cryptoframework-demo\java\CryptoDemo.java:300: ´íÎó: ±àÂë GBK µÄ²»¿ÉÓ³Éä×Ö·û (0xA8)
            // éœ?è¦ä½¿ç”? Bouncy Castle ç­‰ç¬¬ä¸‰æ–¹åº?
                     ^
F:\My-study\cryptoframework-demo\java\CryptoDemo.java:300: ´íÎó: ±àÂë GBK µÄ²»¿ÉÓ³Éä×Ö·û (0x93)
            // éœ?è¦ä½¿ç”? Bouncy Castle ç­‰ç¬¬ä¸‰æ–¹åº?
                                            ^
F:\My-study\cryptoframework-demo\java\CryptoDemo.java:301: ´íÎó: ±àÂë GBK µÄ²»¿ÉÓ³Éä×Ö·û (0x80)
            // è¿™é‡Œè¿”å›ä¸?ä¸ªæ¨¡æ‹Ÿçš„éªŒç­¾ç»“æœ
                      ^
F:\My-study\cryptoframework-demo\java\CryptoDemo.java:382: ´íÎó: ±àÂë GBK µÄ²»¿ÉÓ³Éä×Ö·û (0xBA)
        System.out.println("HMAC æ¶ˆæ¯è®¤è¯ç æ¼”ç¤?");
                                           ^
F:\My-study\cryptoframework-demo\java\CryptoDemo.java:405: ´íÎó: ±àÂë GBK µÄ²»¿ÉÓ³Éä×Ö·û (0x80)
        System.out.println("ç›å?? (hex): " + bytesToHex(result.salt));
                              ^
F:\My-study\cryptoframework-demo\java\CryptoDemo.java:405: ´íÎó: ±àÂë GBK µÄ²»¿ÉÓ³Éä×Ö·û (0xBC)
        System.out.println("ç›å?? (hex): " + bytesToHex(result.salt));
                               ^
F:\My-study\cryptoframework-demo\java\CryptoDemo.java:457: ´íÎó: ±àÂë GBK µÄ²»¿ÉÓ³Éä×Ö·û (0x80)
        System.out.println("æ³¨æ„: ç”±äº Java æ ‡å‡†åº“ä¸ç›´æ¥æ”¯æŒ SM9 ç®—æ³•ï¼Œè¿™é‡Œä½¿ç”¨çš„æ˜¯æ¨¡æ‹Ÿå®ç°ã??");
                                                                               ^
F:\My-study\cryptoframework-demo\java\CryptoDemo.java:457: ´íÎó: ±àÂë GBK µÄ²»¿ÉÓ³Éä×Ö·û (0x82)
        System.out.println("æ³¨æ„: ç”±äº Java æ ‡å‡†åº“ä¸ç›´æ¥æ”¯æŒ SM9 ç®—æ³•ï¼Œè¿™é‡Œä½¿ç”¨çš„æ˜¯æ¨¡æ‹Ÿå®ç°ã??");
                                                                                ^
F:\My-study\cryptoframework-demo\java\CryptoDemo.java:458: ´íÎó: ±àÂë GBK µÄ²»¿ÉÓ³Éä×Ö·û (0xA0)
        System.out.println("è¦ä½¿ç”¨çœŸå®çš„ SM9 ç®—æ³•ï¼Œéœ€è¦æ·»åŠ? Bouncy Castle ç­‰ç¬¬ä¸‰æ–¹åº“ã??");
                                                    ^
F:\My-study\cryptoframework-demo\java\CryptoDemo.java:458: ´íÎó: ±àÂë GBK µÄ²»¿ÉÓ³Éä×Ö·û (0x80)
        System.out.println("è¦ä½¿ç”¨çœŸå®çš„ SM9 ç®—æ³•ï¼Œéœ€è¦æ·»åŠ? Bouncy Castle ç­‰ç¬¬ä¸‰æ–¹åº“ã??");
                                                                            ^
F:\My-study\cryptoframework-demo\java\CryptoDemo.java:458: ´íÎó: ±àÂë GBK µÄ²»¿ÉÓ³Éä×Ö·û (0x82)
        System.out.println("è¦ä½¿ç”¨çœŸå®çš„ SM9 ç®—æ³•ï¼Œéœ€è¦æ·»åŠ? Bouncy Castle ç­‰ç¬¬ä¸‰æ–¹åº“ã??");
                                                                             ^
F:\My-study\cryptoframework-demo\java\CryptoDemo.java:472: ´íÎó: ±àÂë GBK µÄ²»¿ÉÓ³Éä×Ö·û (0x80)
            System.out.println("æ‰?æœ‰æ¼”ç¤ºå®Œæˆ?!");
                                 ^
F:\My-study\cryptoframework-demo\java\CryptoDemo.java:472: ´íÎó: ±àÂë GBK µÄ²»¿ÉÓ³Éä×Ö·û (0x90)
            System.out.println("æ‰?æœ‰æ¼”ç¤ºå®Œæˆ?!");
                                         ^
2026.04.13 10:31:28 INFO  Shutting down server
2026.04.13 10:31:28 INFO  Memory monitor stopped
2026.04.13 10:31:28 INFO  shutting down Metals
2026.04.13 10:31:28 INFO  Exiting server
2026.04.13 11:41:43 INFO  tracing is disabled for protocol LSP, to enable tracing of incoming and outgoing JSON messages create an empty file at f:\My-HarmonyOS\HarmonyOS-APP\qinxu\.metals\lsp.trace.json or C:\Users\yelan\AppData\Local\scalameta\metals\cache\lsp.trace.json
2026.04.13 11:41:48 INFO  logging to files F:\My-HarmonyOS\HarmonyOS-APP\qinxu\.metals\metals.log,F:\My-study\.metals\metals.log
2026.04.13 11:41:48 INFO  Started: Metals version 1.6.7 in folders 'F:\My-HarmonyOS\HarmonyOS-APP\qinxu, F:\My-study' for client Trae CN 1.107.1.
2026.04.13 11:41:48 INFO  time: initialize in 0.21s
2026.04.13 11:41:48 INFO  Memory monitor started
2026.04.13 11:41:50 WARN  Using H2 2.4.240 which is newer than the version Flyway has been verified with. The latest verified version of H2 is 2.3.232.
2026.04.13 11:41:52 WARN  Using H2 2.4.240 which is newer than the version Flyway has been verified with. The latest verified version of H2 is 2.3.232.
2026.04.13 11:41:52 WARN  no build tool detected in workspace 'F:\My-study'. The most common cause for this problem is that the editor was opened in the wrong working directory, for example if you use sbt then the workspace directory should contain build.sbt. 
2026.04.13 11:41:52 WARN  no build tool detected in workspace 'F:\My-HarmonyOS\HarmonyOS-APP\qinxu'. The most common cause for this problem is that the editor was opened in the wrong working directory, for example if you use sbt then the workspace directory should contain build.sbt. 
2026.04.13 11:41:52 WARN  Build server is not auto-connectable.
2026.04.13 11:41:52 WARN  Build server is not auto-connectable.
2026.04.13 11:41:52 WARN  no build target for: F:\My-study\cryptoframework-demo\java\CryptoDemo.java
F:\My-study\cryptoframework-demo\java\CryptoDemo.java:10: ´íÎó: ±àÂë GBK µÄ²»¿ÉÓ³Éä×Ö·û (0x95)
 * æ”¯æŒ: AESã€RSAã€SHAã€HMACã€DES ç­‰ç®—æ³?
                                 ^
F:\My-study\cryptoframework-demo\java\CryptoDemo.java:130: ´íÎó: ±àÂë GBK µÄ²»¿ÉÓ³Éä×Ö·û (0x85)
        // âœ? ä¿®å¤ï¼šJDK17 å…¼å®¹ RSA-PSS ç­¾å
            ^
F:\My-study\cryptoframework-demo\java\CryptoDemo.java:139: ´íÎó: ±àÂë GBK µÄ²»¿ÉÓ³Éä×Ö·û (0x85)
        // âœ? ä¿®å¤ï¼šJDK17 å…¼å®¹ RSA-PSS éªŒç­¾
            ^
F:\My-study\cryptoframework-demo\java\CryptoDemo.java:263: ´íÎó: ±àÂë GBK µÄ²»¿ÉÓ³Éä×Ö·û (0x80)
            // éœ?è¦ä½¿ç”? Bouncy Castle ç­‰ç¬¬ä¸‰æ–¹åº?
                ^
F:\My-study\cryptoframework-demo\java\CryptoDemo.java:263: ´íÎó: ±àÂë GBK µÄ²»¿ÉÓ³Éä×Ö·û (0xA8)
            // éœ?è¦ä½¿ç”? Bouncy Castle ç­‰ç¬¬ä¸‰æ–¹åº?
                     ^
F:\My-study\cryptoframework-demo\java\CryptoDemo.java:263: ´íÎó: ±àÂë GBK µÄ²»¿ÉÓ³Éä×Ö·û (0x93)
            // éœ?è¦ä½¿ç”? Bouncy Castle ç­‰ç¬¬ä¸‰æ–¹åº?
                                            ^
F:\My-study\cryptoframework-demo\java\CryptoDemo.java:264: ´íÎó: ±àÂë GBK µÄ²»¿ÉÓ³Éä×Ö·û (0x80)
            // è¿™é‡Œè¿”å›ä¸?ä¸ªæ¨¡æ‹Ÿçš„ä¸»å¯†é’?
                      ^
F:\My-study\cryptoframework-demo\java\CryptoDemo.java:264: ´íÎó: ±àÂë GBK µÄ²»¿ÉÓ³Éä×Ö·û (0xA5)
            // è¿™é‡Œè¿”å›ä¸?ä¸ªæ¨¡æ‹Ÿçš„ä¸»å¯†é’?
                                 ^
F:\My-study\cryptoframework-demo\java\CryptoDemo.java:272: ´íÎó: ±àÂë GBK µÄ²»¿ÉÓ³Éä×Ö·û (0x80)
            // éœ?è¦ä½¿ç”? Bouncy Castle ç­‰ç¬¬ä¸‰æ–¹åº?
                ^
F:\My-study\cryptoframework-demo\java\CryptoDemo.java:272: ´íÎó: ±àÂë GBK µÄ²»¿ÉÓ³Éä×Ö·û (0xA8)
            // éœ?è¦ä½¿ç”? Bouncy Castle ç­‰ç¬¬ä¸‰æ–¹åº?
                     ^
F:\My-study\cryptoframework-demo\java\CryptoDemo.java:272: ´íÎó: ±àÂë GBK µÄ²»¿ÉÓ³Éä×Ö·û (0x93)
            // éœ?è¦ä½¿ç”? Bouncy Castle ç­‰ç¬¬ä¸‰æ–¹åº?
                                            ^
F:\My-study\cryptoframework-demo\java\CryptoDemo.java:273: ´íÎó: ±àÂë GBK µÄ²»¿ÉÓ³Éä×Ö·û (0x80)
            // è¿™é‡Œè¿”å›ä¸?ä¸ªæ¨¡æ‹Ÿçš„åŠ å¯†ç»“æœ
                      ^
F:\My-study\cryptoframework-demo\java\CryptoDemo.java:282: ´íÎó: ±àÂë GBK µÄ²»¿ÉÓ³Éä×Ö·û (0x80)
            // éœ?è¦ä½¿ç”? Bouncy Castle ç­‰ç¬¬ä¸‰æ–¹åº?
                ^
F:\My-study\cryptoframework-demo\java\CryptoDemo.java:282: ´íÎó: ±àÂë GBK µÄ²»¿ÉÓ³Éä×Ö·û (0xA8)
            // éœ?è¦ä½¿ç”? Bouncy Castle ç­‰ç¬¬ä¸‰æ–¹åº?
                     ^
F:\My-study\cryptoframework-demo\java\CryptoDemo.java:282: ´íÎó: ±àÂë GBK µÄ²»¿ÉÓ³Éä×Ö·û (0x93)
            // éœ?è¦ä½¿ç”? Bouncy Castle ç­‰ç¬¬ä¸‰æ–¹åº?
                                            ^
F:\My-study\cryptoframework-demo\java\CryptoDemo.java:283: ´íÎó: ±àÂë GBK µÄ²»¿ÉÓ³Éä×Ö·û (0x80)
            // è¿™é‡Œè¿”å›ä¸?ä¸ªæ¨¡æ‹Ÿçš„è§£å¯†ç»“æœ
                      ^
F:\My-study\cryptoframework-demo\java\CryptoDemo.java:291: ´íÎó: ±àÂë GBK µÄ²»¿ÉÓ³Éä×Ö·û (0x80)
            // éœ?è¦ä½¿ç”? Bouncy Castle ç­‰ç¬¬ä¸‰æ–¹åº?
                ^
F:\My-study\cryptoframework-demo\java\CryptoDemo.java:291: ´íÎó: ±àÂë GBK µÄ²»¿ÉÓ³Éä×Ö·û (0xA8)
            // éœ?è¦ä½¿ç”? Bouncy Castle ç­‰ç¬¬ä¸‰æ–¹åº?
                     ^
F:\My-study\cryptoframework-demo\java\CryptoDemo.java:291: ´íÎó: ±àÂë GBK µÄ²»¿ÉÓ³Éä×Ö·û (0x93)
            // éœ?è¦ä½¿ç”? Bouncy Castle ç­‰ç¬¬ä¸‰æ–¹åº?
                                            ^
F:\My-study\cryptoframework-demo\java\CryptoDemo.java:292: ´íÎó: ±àÂë GBK µÄ²»¿ÉÓ³Éä×Ö·û (0x80)
            // è¿™é‡Œè¿”å›ä¸?ä¸ªæ¨¡æ‹Ÿçš„ç­¾å
                      ^
F:\My-study\cryptoframework-demo\java\CryptoDemo.java:300: ´íÎó: ±àÂë GBK µÄ²»¿ÉÓ³Éä×Ö·û (0x80)
            // éœ?è¦ä½¿ç”? Bouncy Castle ç­‰ç¬¬ä¸‰æ–¹åº?
                ^
F:\My-study\cryptoframework-demo\java\CryptoDemo.java:300: ´íÎó: ±àÂë GBK µÄ²»¿ÉÓ³Éä×Ö·û (0xA8)
            // éœ?è¦ä½¿ç”? Bouncy Castle ç­‰ç¬¬ä¸‰æ–¹åº?
                     ^
F:\My-study\cryptoframework-demo\java\CryptoDemo.java:300: ´íÎó: ±àÂë GBK µÄ²»¿ÉÓ³Éä×Ö·û (0x93)
            // éœ?è¦ä½¿ç”? Bouncy Castle ç­‰ç¬¬ä¸‰æ–¹åº?
                                            ^
F:\My-study\cryptoframework-demo\java\CryptoDemo.java:301: ´íÎó: ±àÂë GBK µÄ²»¿ÉÓ³Éä×Ö·û (0x80)
            // è¿™é‡Œè¿”å›ä¸?ä¸ªæ¨¡æ‹Ÿçš„éªŒç­¾ç»“æœ
                      ^
F:\My-study\cryptoframework-demo\java\CryptoDemo.java:382: ´íÎó: ±àÂë GBK µÄ²»¿ÉÓ³Éä×Ö·û (0xBA)
        System.out.println("HMAC æ¶ˆæ¯è®¤è¯ç æ¼”ç¤?");
                                           ^
F:\My-study\cryptoframework-demo\java\CryptoDemo.java:405: ´íÎó: ±àÂë GBK µÄ²»¿ÉÓ³Éä×Ö·û (0x80)
        System.out.println("ç›å?? (hex): " + bytesToHex(result.salt));
                              ^
F:\My-study\cryptoframework-demo\java\CryptoDemo.java:405: ´íÎó: ±àÂë GBK µÄ²»¿ÉÓ³Éä×Ö·û (0xBC)
        System.out.println("ç›å?? (hex): " + bytesToHex(result.salt));
                               ^
F:\My-study\cryptoframework-demo\java\CryptoDemo.java:457: ´íÎó: ±àÂë GBK µÄ²»¿ÉÓ³Éä×Ö·û (0x80)
        System.out.println("æ³¨æ„: ç”±äº Java æ ‡å‡†åº“ä¸ç›´æ¥æ”¯æŒ SM9 ç®—æ³•ï¼Œè¿™é‡Œä½¿ç”¨çš„æ˜¯æ¨¡æ‹Ÿå®ç°ã??");
                                                                               ^
F:\My-study\cryptoframework-demo\java\CryptoDemo.java:457: ´íÎó: ±àÂë GBK µÄ²»¿ÉÓ³Éä×Ö·û (0x82)
        System.out.println("æ³¨æ„: ç”±äº Java æ ‡å‡†åº“ä¸ç›´æ¥æ”¯æŒ SM9 ç®—æ³•ï¼Œè¿™é‡Œä½¿ç”¨çš„æ˜¯æ¨¡æ‹Ÿå®ç°ã??");
                                                                                ^
F:\My-study\cryptoframework-demo\java\CryptoDemo.java:458: ´íÎó: ±àÂë GBK µÄ²»¿ÉÓ³Éä×Ö·û (0xA0)
        System.out.println("è¦ä½¿ç”¨çœŸå®çš„ SM9 ç®—æ³•ï¼Œéœ€è¦æ·»åŠ? Bouncy Castle ç­‰ç¬¬ä¸‰æ–¹åº“ã??");
                                                    ^
F:\My-study\cryptoframework-demo\java\CryptoDemo.java:458: ´íÎó: ±àÂë GBK µÄ²»¿ÉÓ³Éä×Ö·û (0x80)
        System.out.println("è¦ä½¿ç”¨çœŸå®çš„ SM9 ç®—æ³•ï¼Œéœ€è¦æ·»åŠ? Bouncy Castle ç­‰ç¬¬ä¸‰æ–¹åº“ã??");
                                                                            ^
F:\My-study\cryptoframework-demo\java\CryptoDemo.java:458: ´íÎó: ±àÂë GBK µÄ²»¿ÉÓ³Éä×Ö·û (0x82)
        System.out.println("è¦ä½¿ç”¨çœŸå®çš„ SM9 ç®—æ³•ï¼Œéœ€è¦æ·»åŠ? Bouncy Castle ç­‰ç¬¬ä¸‰æ–¹åº“ã??");
                                                                             ^
F:\My-study\cryptoframework-demo\java\CryptoDemo.java:472: ´íÎó: ±àÂë GBK µÄ²»¿ÉÓ³Éä×Ö·û (0x80)
            System.out.println("æ‰?æœ‰æ¼”ç¤ºå®Œæˆ?!");
                                 ^
F:\My-study\cryptoframework-demo\java\CryptoDemo.java:472: ´íÎó: ±àÂë GBK µÄ²»¿ÉÓ³Éä×Ö·û (0x90)
            System.out.println("æ‰?æœ‰æ¼”ç¤ºå®Œæˆ?!");
                                         ^
4ÔÂ 13, 2026 11:42:18 ÉÏÎç org.eclipse.lsp4j.jsonrpc.services.GenericEndpoint notify
ĞÅÏ¢: Unsupported notification method: $/setTrace
4ÔÂ 13, 2026 11:45:46 ÉÏÎç org.eclipse.lsp4j.jsonrpc.services.GenericEndpoint notify
ĞÅÏ¢: Unsupported notification method: $/setTrace
4ÔÂ 13, 2026 11:45:47 ÉÏÎç org.eclipse.lsp4j.jsonrpc.services.GenericEndpoint notify
ĞÅÏ¢: Unsupported notification method: $/setTrace
4ÔÂ 13, 2026 11:45:47 ÉÏÎç org.eclipse.lsp4j.jsonrpc.services.GenericEndpoint notify
ĞÅÏ¢: Unsupported notification method: $/setTrace
2026.04.13 11:46:16 INFO  no build target found for F:\My-study\cryptoframework-demo\java\CryptoDemo.java. Using fallback presentation compiler.
2026.04.13 11:46:17 WARN  no build target for: F:\My-study\cryptoframework-demo\java\CryptoDemo.java
2026.04.13 11:46:18 INFO  no build target found for F:\My-study\cryptoframework-demo\java\CryptoDemo.java. Using fallback presentation compiler.
2026.04.13 11:46:18 INFO  no build target found for F:\My-study\cryptoframework-demo\java\CryptoDemo.java. Using fallback presentation compiler.
2026.04.13 11:46:19 INFO  no build target found for F:\My-study\cryptoframework-demo\java\CryptoDemo.java. Using fallback presentation compiler.
2026.04.13 11:46:36 INFO  no build target found for F:\My-study\cryptoframework-demo\java\CryptoDemo.java. Using fallback presentation compiler.
4ÔÂ 13, 2026 11:47:18 ÉÏÎç org.eclipse.lsp4j.jsonrpc.services.GenericEndpoint notify
ĞÅÏ¢: Unsupported notification method: $/setTrace
2026.04.13 11:49:58 INFO  Shutting down server
2026.04.13 11:49:58 INFO  Memory monitor stopped
2026.04.13 11:49:58 INFO  shutting down Metals
2026.04.13 11:49:58 INFO  Exiting server
2026.04.13 18:32:29 INFO  Started: Metals version 1.6.7 in folders 'F:\My-HarmonyOS\HarmonyOS-APP\qinxu, F:\My-study' for client Trae CN 1.107.1.
2026.04.13 18:32:29 INFO  Memory monitor started
2026.04.13 18:32:30 WARN  Using H2 2.4.240 which is newer than the version Flyway has been verified with. The latest verified version of H2 is 2.3.232.
2026.04.13 18:32:30 INFO  no build target found for F:\My-study\cryptoframework-demo\java\CryptoDemo.java. Using fallback presentation compiler.
2026.04.13 18:32:32 WARN  Using H2 2.4.240 which is newer than the version Flyway has been verified with. The latest verified version of H2 is 2.3.232.
2026.04.13 18:32:32 WARN  no build tool detected in workspace 'F:\My-study'. The most common cause for this problem is that the editor was opened in the wrong working directory, for example if you use sbt then the workspace directory should contain build.sbt. 
2026.04.13 18:32:32 WARN  Build server is not auto-connectable.
2026.04.13 18:32:32 WARN  no build target for: F:\My-study\cryptoframework-demo\java\CryptoDemo.java
2026.04.13 18:32:32 INFO  no build target found for F:\My-study\cryptoframework-demo\java\CryptoDemo.java. Using fallback presentation compiler.
2026.04.13 18:32:32 WARN  no build tool detected in workspace 'F:\My-HarmonyOS\HarmonyOS-APP\qinxu'. The most common cause for this problem is that the editor was opened in the wrong working directory, for example if you use sbt then the workspace directory should contain build.sbt. 
2026.04.13 18:32:32 WARN  Build server is not auto-connectable.
F:\My-study\cryptoframework-demo\java\CryptoDemo.java:10: ´íÎó: ±àÂë GBK µÄ²»¿ÉÓ³Éä×Ö·û (0x95)
 * æ”¯æŒ: AESã€RSAã€SHAã€HMACã€DES ç­‰ç®—æ³?
                                 ^
F:\My-study\cryptoframework-demo\java\CryptoDemo.java:130: ´íÎó: ±àÂë GBK µÄ²»¿ÉÓ³Éä×Ö·û (0x85)
        // âœ? ä¿®å¤ï¼šJDK17 å…¼å®¹ RSA-PSS ç­¾å
            ^
F:\My-study\cryptoframework-demo\java\CryptoDemo.java:139: ´íÎó: ±àÂë GBK µÄ²»¿ÉÓ³Éä×Ö·û (0x85)
        // âœ? ä¿®å¤ï¼šJDK17 å…¼å®¹ RSA-PSS éªŒç­¾
            ^
F:\My-study\cryptoframework-demo\java\CryptoDemo.java:263: ´íÎó: ±àÂë GBK µÄ²»¿ÉÓ³Éä×Ö·û (0x80)
            // éœ?è¦ä½¿ç”? Bouncy Castle ç­‰ç¬¬ä¸‰æ–¹åº?
                ^
F:\My-study\cryptoframework-demo\java\CryptoDemo.java:263: ´íÎó: ±àÂë GBK µÄ²»¿ÉÓ³Éä×Ö·û (0xA8)
            // éœ?è¦ä½¿ç”? Bouncy Castle ç­‰ç¬¬ä¸‰æ–¹åº?
                     ^
F:\My-study\cryptoframework-demo\java\CryptoDemo.java:263: ´íÎó: ±àÂë GBK µÄ²»¿ÉÓ³Éä×Ö·û (0x93)
            // éœ?è¦ä½¿ç”? Bouncy Castle ç­‰ç¬¬ä¸‰æ–¹åº?
                                            ^
F:\My-study\cryptoframework-demo\java\CryptoDemo.java:264: ´íÎó: ±àÂë GBK µÄ²»¿ÉÓ³Éä×Ö·û (0x80)
            // è¿™é‡Œè¿”å›ä¸?ä¸ªæ¨¡æ‹Ÿçš„ä¸»å¯†é’?
                      ^
F:\My-study\cryptoframework-demo\java\CryptoDemo.java:264: ´íÎó: ±àÂë GBK µÄ²»¿ÉÓ³Éä×Ö·û (0xA5)
            // è¿™é‡Œè¿”å›ä¸?ä¸ªæ¨¡æ‹Ÿçš„ä¸»å¯†é’?
                                 ^
F:\My-study\cryptoframework-demo\java\CryptoDemo.java:272: ´íÎó: ±àÂë GBK µÄ²»¿ÉÓ³Éä×Ö·û (0x80)
            // éœ?è¦ä½¿ç”? Bouncy Castle ç­‰ç¬¬ä¸‰æ–¹åº?
                ^
F:\My-study\cryptoframework-demo\java\CryptoDemo.java:272: ´íÎó: ±àÂë GBK µÄ²»¿ÉÓ³Éä×Ö·û (0xA8)
            // éœ?è¦ä½¿ç”? Bouncy Castle ç­‰ç¬¬ä¸‰æ–¹åº?
                     ^
F:\My-study\cryptoframework-demo\java\CryptoDemo.java:272: ´íÎó: ±àÂë GBK µÄ²»¿ÉÓ³Éä×Ö·û (0x93)
            // éœ?è¦ä½¿ç”? Bouncy Castle ç­‰ç¬¬ä¸‰æ–¹åº?
                                            ^
F:\My-study\cryptoframework-demo\java\CryptoDemo.java:273: ´íÎó: ±àÂë GBK µÄ²»¿ÉÓ³Éä×Ö·û (0x80)
            // è¿™é‡Œè¿”å›ä¸?ä¸ªæ¨¡æ‹Ÿçš„åŠ å¯†ç»“æœ
                      ^
F:\My-study\cryptoframework-demo\java\CryptoDemo.java:282: ´íÎó: ±àÂë GBK µÄ²»¿ÉÓ³Éä×Ö·û (0x80)
            // éœ?è¦ä½¿ç”? Bouncy Castle ç­‰ç¬¬ä¸‰æ–¹åº?
                ^
F:\My-study\cryptoframework-demo\java\CryptoDemo.java:282: ´íÎó: ±àÂë GBK µÄ²»¿ÉÓ³Éä×Ö·û (0xA8)
            // éœ?è¦ä½¿ç”? Bouncy Castle ç­‰ç¬¬ä¸‰æ–¹åº?
                     ^
F:\My-study\cryptoframework-demo\java\CryptoDemo.java:282: ´íÎó: ±àÂë GBK µÄ²»¿ÉÓ³Éä×Ö·û (0x93)
            // éœ?è¦ä½¿ç”? Bouncy Castle ç­‰ç¬¬ä¸‰æ–¹åº?
                                            ^
F:\My-study\cryptoframework-demo\java\CryptoDemo.java:283: ´íÎó: ±àÂë GBK µÄ²»¿ÉÓ³Éä×Ö·û (0x80)
            // è¿™é‡Œè¿”å›ä¸?ä¸ªæ¨¡æ‹Ÿçš„è§£å¯†ç»“æœ
                      ^
F:\My-study\cryptoframework-demo\java\CryptoDemo.java:291: ´íÎó: ±àÂë GBK µÄ²»¿ÉÓ³Éä×Ö·û (0x80)
            // éœ?è¦ä½¿ç”? Bouncy Castle ç­‰ç¬¬ä¸‰æ–¹åº?
                ^
F:\My-study\cryptoframework-demo\java\CryptoDemo.java:291: ´íÎó: ±àÂë GBK µÄ²»¿ÉÓ³Éä×Ö·û (0xA8)
            // éœ?è¦ä½¿ç”? Bouncy Castle ç­‰ç¬¬ä¸‰æ–¹åº?
                     ^
F:\My-study\cryptoframework-demo\java\CryptoDemo.java:291: ´íÎó: ±àÂë GBK µÄ²»¿ÉÓ³Éä×Ö·û (0x93)
            // éœ?è¦ä½¿ç”? Bouncy Castle ç­‰ç¬¬ä¸‰æ–¹åº?
                                            ^
F:\My-study\cryptoframework-demo\java\CryptoDemo.java:292: ´íÎó: ±àÂë GBK µÄ²»¿ÉÓ³Éä×Ö·û (0x80)
            // è¿™é‡Œè¿”å›ä¸?ä¸ªæ¨¡æ‹Ÿçš„ç­¾å
                      ^
F:\My-study\cryptoframework-demo\java\CryptoDemo.java:300: ´íÎó: ±àÂë GBK µÄ²»¿ÉÓ³Éä×Ö·û (0x80)
            // éœ?è¦ä½¿ç”? Bouncy Castle ç­‰ç¬¬ä¸‰æ–¹åº?
                ^
F:\My-study\cryptoframework-demo\java\CryptoDemo.java:300: ´íÎó: ±àÂë GBK µÄ²»¿ÉÓ³Éä×Ö·û (0xA8)
            // éœ?è¦ä½¿ç”? Bouncy Castle ç­‰ç¬¬ä¸‰æ–¹åº?
                     ^
F:\My-study\cryptoframework-demo\java\CryptoDemo.java:300: ´íÎó: ±àÂë GBK µÄ²»¿ÉÓ³Éä×Ö·û (0x93)
            // éœ?è¦ä½¿ç”? Bouncy Castle ç­‰ç¬¬ä¸‰æ–¹åº?
                                            ^
F:\My-study\cryptoframework-demo\java\CryptoDemo.java:301: ´íÎó: ±àÂë GBK µÄ²»¿ÉÓ³Éä×Ö·û (0x80)
            // è¿™é‡Œè¿”å›ä¸?ä¸ªæ¨¡æ‹Ÿçš„éªŒç­¾ç»“æœ
                      ^
F:\My-study\cryptoframework-demo\java\CryptoDemo.java:382: ´íÎó: ±àÂë GBK µÄ²»¿ÉÓ³Éä×Ö·û (0xBA)
        System.out.println("HMAC æ¶ˆæ¯è®¤è¯ç æ¼”ç¤?");
                                           ^
F:\My-study\cryptoframework-demo\java\CryptoDemo.java:405: ´íÎó: ±àÂë GBK µÄ²»¿ÉÓ³Éä×Ö·û (0x80)
        System.out.println("ç›å?? (hex): " + bytesToHex(result.salt));
                              ^
F:\My-study\cryptoframework-demo\java\CryptoDemo.java:405: ´íÎó: ±àÂë GBK µÄ²»¿ÉÓ³Éä×Ö·û (0xBC)
        System.out.println("ç›å?? (hex): " + bytesToHex(result.salt));
                               ^
F:\My-study\cryptoframework-demo\java\CryptoDemo.java:457: ´íÎó: ±àÂë GBK µÄ²»¿ÉÓ³Éä×Ö·û (0x80)
        System.out.println("æ³¨æ„: ç”±äº Java æ ‡å‡†åº“ä¸ç›´æ¥æ”¯æŒ SM9 ç®—æ³•ï¼Œè¿™é‡Œä½¿ç”¨çš„æ˜¯æ¨¡æ‹Ÿå®ç°ã??");
                                                                               ^
F:\My-study\cryptoframework-demo\java\CryptoDemo.java:457: ´íÎó: ±àÂë GBK µÄ²»¿ÉÓ³Éä×Ö·û (0x82)
        System.out.println("æ³¨æ„: ç”±äº Java æ ‡å‡†åº“ä¸ç›´æ¥æ”¯æŒ SM9 ç®—æ³•ï¼Œè¿™é‡Œä½¿ç”¨çš„æ˜¯æ¨¡æ‹Ÿå®ç°ã??");
                                                                                ^
F:\My-study\cryptoframework-demo\java\CryptoDemo.java:458: ´íÎó: ±àÂë GBK µÄ²»¿ÉÓ³Éä×Ö·û (0xA0)
        System.out.println("è¦ä½¿ç”¨çœŸå®çš„ SM9 ç®—æ³•ï¼Œéœ€è¦æ·»åŠ? Bouncy Castle ç­‰ç¬¬ä¸‰æ–¹åº“ã??");
                                                    ^
F:\My-study\cryptoframework-demo\java\CryptoDemo.java:458: ´íÎó: ±àÂë GBK µÄ²»¿ÉÓ³Éä×Ö·û (0x80)
        System.out.println("è¦ä½¿ç”¨çœŸå®çš„ SM9 ç®—æ³•ï¼Œéœ€è¦æ·»åŠ? Bouncy Castle ç­‰ç¬¬ä¸‰æ–¹åº“ã??");
                                                                            ^
F:\My-study\cryptoframework-demo\java\CryptoDemo.java:458: ´íÎó: ±àÂë GBK µÄ²»¿ÉÓ³Éä×Ö·û (0x82)
        System.out.println("è¦ä½¿ç”¨çœŸå®çš„ SM9 ç®—æ³•ï¼Œéœ€è¦æ·»åŠ? Bouncy Castle ç­‰ç¬¬ä¸‰æ–¹åº“ã??");
                                                                             ^
F:\My-study\cryptoframework-demo\java\CryptoDemo.java:472: ´íÎó: ±àÂë GBK µÄ²»¿ÉÓ³Éä×Ö·û (0x80)
            System.out.println("æ‰?æœ‰æ¼”ç¤ºå®Œæˆ?!");
                                 ^
F:\My-study\cryptoframework-demo\java\CryptoDemo.java:472: ´íÎó: ±àÂë GBK µÄ²»¿ÉÓ³Éä×Ö·û (0x90)
            System.out.println("æ‰?æœ‰æ¼”ç¤ºå®Œæˆ?!");
                                         ^
2026.04.13 18:32:34 INFO  time: code lens generation in 2.35s
2026.04.13 18:32:38 INFO  no build target found for F:\My-study\cryptoframework-demo\java\CryptoDemo.java. Using fallback presentation compiler.
2026.04.13 18:32:38 INFO  no build target found for F:\My-study\cryptoframework-demo\java\CryptoDemo.java. Using fallback presentation compiler.
2026.04.13 18:32:38 INFO  no build target found for F:\My-study\cryptoframework-demo\java\CryptoDemo.java. Using fallback presentation compiler.
4ÔÂ 13, 2026 6:32:38 ÏÂÎç org.eclipse.lsp4j.jsonrpc.RemoteEndpoint handleCancellation
¾¯¸æ: Unmatched cancel notification for request id 12
2026.04.13 18:32:38 INFO  no build target found for F:\My-study\cryptoframework-demo\java\CryptoDemo.java. Using fallback presentation compiler.
4ÔÂ 13, 2026 6:32:38 ÏÂÎç org.eclipse.lsp4j.jsonrpc.RemoteEndpoint handleCancellation
¾¯¸æ: Unmatched cancel notification for request id 10
4ÔÂ 13, 2026 6:32:38 ÏÂÎç org.eclipse.lsp4j.jsonrpc.RemoteEndpoint handleCancellation
¾¯¸æ: Unmatched cancel notification for request id 11
2026.04.13 18:32:39 INFO  no build target found for F:\My-study\cryptoframework-demo\java\CryptoDemo.java. Using fallback presentation compiler.
2026.04.13 18:32:41 INFO  no build target found for F:\My-study\cryptoframework-demo\java\CryptoDemo.java. Using fallback presentation compiler.
2026.04.13 18:32:41 INFO  no build target found for F:\My-study\cryptoframework-demo\java\CryptoDemo.java. Using fallback presentation compiler.
2026.04.13 18:32:42 INFO  no build target found for F:\My-study\cryptoframework-demo\java\CryptoDemo.java. Using fallback presentation compiler.
2026.04.13 18:32:43 INFO  no build target found for F:\My-study\cryptoframework-demo\java\CryptoDemo.java. Using fallback presentation compiler.
4ÔÂ 13, 2026 6:36:32 ÏÂÎç org.eclipse.lsp4j.jsonrpc.services.GenericEndpoint notify
ĞÅÏ¢: Unsupported notification method: $/setTrace
2026.04.13 18:36:32 INFO  no build target found for F:\My-study\cryptoframework-demo\java\CryptoDemo.java. Using fallback presentation compiler.
4ÔÂ 13, 2026 6:41:32 ÏÂÎç org.eclipse.lsp4j.jsonrpc.services.GenericEndpoint notify
ĞÅÏ¢: Unsupported notification method: $/setTrace
2026.04.13 18:41:32 INFO  no build target found for F:\My-study\cryptoframework-demo\java\CryptoDemo.java. Using fallback presentation compiler.
4ÔÂ 13, 2026 6:46:32 ÏÂÎç org.eclipse.lsp4j.jsonrpc.services.GenericEndpoint notify
ĞÅÏ¢: Unsupported notification method: $/setTrace
2026.04.13 18:46:32 INFO  no build target found for F:\My-study\cryptoframework-demo\java\CryptoDemo.java. Using fallback presentation compiler.
2026.04.13 18:48:06 INFO  no build target found for F:\My-study\cryptoframework-demo\java\CryptoDemo.java. Using fallback presentation compiler.
2026.04.13 18:49:23 INFO  no build target found for F:\My-study\cryptoframework-demo\java\CryptoDemo.java. Using fallback presentation compiler.
4ÔÂ 13, 2026 6:51:32 ÏÂÎç org.eclipse.lsp4j.jsonrpc.services.GenericEndpoint notify
ĞÅÏ¢: Unsupported notification method: $/setTrace
2026.04.13 18:51:32 INFO  no build target found for F:\My-study\cryptoframework-demo\java\CryptoDemo.java. Using fallback presentation compiler.
4ÔÂ 13, 2026 6:56:32 ÏÂÎç org.eclipse.lsp4j.jsonrpc.services.GenericEndpoint notify
ĞÅÏ¢: Unsupported notification method: $/setTrace
2026.04.13 18:56:32 INFO  no build target found for F:\My-study\cryptoframework-demo\java\CryptoDemo.java. Using fallback presentation compiler.
4ÔÂ 13, 2026 7:01:32 ÏÂÎç org.eclipse.lsp4j.jsonrpc.services.GenericEndpoint notify
ĞÅÏ¢: Unsupported notification method: $/setTrace
2026.04.13 19:01:32 INFO  no build target found for F:\My-study\cryptoframework-demo\java\CryptoDemo.java. Using fallback presentation compiler.
2026.04.13 19:04:29 INFO  Shutting down server
2026.04.13 19:04:29 INFO  Memory monitor stopped
2026.04.13 19:04:29 INFO  shutting down Metals
2026.04.13 19:04:29 INFO  Exiting server
2026.04.13 20:59:47 INFO  Started: Metals version 1.6.7 in folders 'F:\My-HarmonyOS\HarmonyOS-APP\qinxu, F:\My-study' for client Trae CN 1.107.1.
2026.04.13 20:59:47 INFO  Memory monitor started
2026.04.13 20:59:49 WARN  Using H2 2.4.240 which is newer than the version Flyway has been verified with. The latest verified version of H2 is 2.3.232.
2026.04.13 20:59:49 INFO  no build target found for F:\My-study\cryptoframework-demo\java\CryptoDemo.java. Using fallback presentation compiler.
4ÔÂ 13, 2026 8:59:50 ÏÂÎç org.eclipse.lsp4j.jsonrpc.RemoteEndpoint handleCancellation
¾¯¸æ: Unmatched cancel notification for request id 2
2026.04.13 20:59:49 INFO  no build target found for F:\My-study\cryptoframework-demo\java\CryptoDemo.java. Using fallback presentation compiler.
2026.04.13 20:59:50 INFO  no build target found for F:\My-study\cryptoframework-demo\java\CryptoDemo.java. Using fallback presentation compiler.
2026.04.13 20:59:50 INFO  no build target found for F:\My-study\cryptoframework-demo\java\CryptoDemo.java. Using fallback presentation compiler.
2026.04.13 20:59:50 INFO  no build target found for F:\My-study\cryptoframework-demo\java\CryptoDemo.java. Using fallback presentation compiler.
2026.04.13 20:59:50 WARN  Using H2 2.4.240 which is newer than the version Flyway has been verified with. The latest verified version of H2 is 2.3.232.
2026.04.13 20:59:50 WARN  no build tool detected in workspace 'F:\My-study'. The most common cause for this problem is that the editor was opened in the wrong working directory, for example if you use sbt then the workspace directory should contain build.sbt. 
2026.04.13 20:59:50 INFO  no build target found for F:\My-study\cryptoframework-demo\java\CryptoDemo.java. Using fallback presentation compiler.
2026.04.13 20:59:50 WARN  Build server is not auto-connectable.
4ÔÂ 13, 2026 8:59:50 ÏÂÎç org.eclipse.lsp4j.jsonrpc.RemoteEndpoint handleCancellation
¾¯¸æ: Unmatched cancel notification for request id 7
4ÔÂ 13, 2026 8:59:50 ÏÂÎç org.eclipse.lsp4j.jsonrpc.RemoteEndpoint handleCancellation
¾¯¸æ: Unmatched cancel notification for request id 8
4ÔÂ 13, 2026 8:59:50 ÏÂÎç org.eclipse.lsp4j.jsonrpc.RemoteEndpoint handleCancellation
¾¯¸æ: Unmatched cancel notification for request id 9
2026.04.13 20:59:50 WARN  no build target for: F:\My-study\cryptoframework-demo\java\CryptoDemo.java
2026.04.13 20:59:50 INFO  no build target found for F:\My-study\cryptoframework-demo\java\CryptoDemo.java. Using fallback presentation compiler.
2026.04.13 20:59:50 WARN  no build tool detected in workspace 'F:\My-HarmonyOS\HarmonyOS-APP\qinxu'. The most common cause for this problem is that the editor was opened in the wrong working directory, for example if you use sbt then the workspace directory should contain build.sbt. 
2026.04.13 20:59:50 WARN  Build server is not auto-connectable.
F:\My-study\cryptoframework-demo\java\CryptoDemo.java:10: ´íÎó: ±àÂë GBK µÄ²»¿ÉÓ³Éä×Ö·û (0x95)
 * æ”¯æŒ: AESã€RSAã€SHAã€HMACã€DES ç­‰ç®—æ³?
                                 ^
F:\My-study\cryptoframework-demo\java\CryptoDemo.java:130: ´íÎó: ±àÂë GBK µÄ²»¿ÉÓ³Éä×Ö·û (0x85)
        // âœ? ä¿®å¤ï¼šJDK17 å…¼å®¹ RSA-PSS ç­¾å
            ^
F:\My-study\cryptoframework-demo\java\CryptoDemo.java:139: ´íÎó: ±àÂë GBK µÄ²»¿ÉÓ³Éä×Ö·û (0x85)
        // âœ? ä¿®å¤ï¼šJDK17 å…¼å®¹ RSA-PSS éªŒç­¾
            ^
F:\My-study\cryptoframework-demo\java\CryptoDemo.java:263: ´íÎó: ±àÂë GBK µÄ²»¿ÉÓ³Éä×Ö·û (0x80)
            // éœ?è¦ä½¿ç”? Bouncy Castle ç­‰ç¬¬ä¸‰æ–¹åº?
                ^
F:\My-study\cryptoframework-demo\java\CryptoDemo.java:263: ´íÎó: ±àÂë GBK µÄ²»¿ÉÓ³Éä×Ö·û (0xA8)
            // éœ?è¦ä½¿ç”? Bouncy Castle ç­‰ç¬¬ä¸‰æ–¹åº?
                     ^
F:\My-study\cryptoframework-demo\java\CryptoDemo.java:263: ´íÎó: ±àÂë GBK µÄ²»¿ÉÓ³Éä×Ö·û (0x93)
            // éœ?è¦ä½¿ç”? Bouncy Castle ç­‰ç¬¬ä¸‰æ–¹åº?
                                            ^
F:\My-study\cryptoframework-demo\java\CryptoDemo.java:264: ´íÎó: ±àÂë GBK µÄ²»¿ÉÓ³Éä×Ö·û (0x80)
            // è¿™é‡Œè¿”å›ä¸?ä¸ªæ¨¡æ‹Ÿçš„ä¸»å¯†é’?
                      ^
F:\My-study\cryptoframework-demo\java\CryptoDemo.java:264: ´íÎó: ±àÂë GBK µÄ²»¿ÉÓ³Éä×Ö·û (0xA5)
            // è¿™é‡Œè¿”å›ä¸?ä¸ªæ¨¡æ‹Ÿçš„ä¸»å¯†é’?
                                 ^
F:\My-study\cryptoframework-demo\java\CryptoDemo.java:272: ´íÎó: ±àÂë GBK µÄ²»¿ÉÓ³Éä×Ö·û (0x80)
            // éœ?è¦ä½¿ç”? Bouncy Castle ç­‰ç¬¬ä¸‰æ–¹åº?
                ^
F:\My-study\cryptoframework-demo\java\CryptoDemo.java:272: ´íÎó: ±àÂë GBK µÄ²»¿ÉÓ³Éä×Ö·û (0xA8)
            // éœ?è¦ä½¿ç”? Bouncy Castle ç­‰ç¬¬ä¸‰æ–¹åº?
                     ^
F:\My-study\cryptoframework-demo\java\CryptoDemo.java:272: ´íÎó: ±àÂë GBK µÄ²»¿ÉÓ³Éä×Ö·û (0x93)
            // éœ?è¦ä½¿ç”? Bouncy Castle ç­‰ç¬¬ä¸‰æ–¹åº?
                                            ^
F:\My-study\cryptoframework-demo\java\CryptoDemo.java:273: ´íÎó: ±àÂë GBK µÄ²»¿ÉÓ³Éä×Ö·û (0x80)
            // è¿™é‡Œè¿”å›ä¸?ä¸ªæ¨¡æ‹Ÿçš„åŠ å¯†ç»“æœ
                      ^
F:\My-study\cryptoframework-demo\java\CryptoDemo.java:282: ´íÎó: ±àÂë GBK µÄ²»¿ÉÓ³Éä×Ö·û (0x80)
            // éœ?è¦ä½¿ç”? Bouncy Castle ç­‰ç¬¬ä¸‰æ–¹åº?
                ^
F:\My-study\cryptoframework-demo\java\CryptoDemo.java:282: ´íÎó: ±àÂë GBK µÄ²»¿ÉÓ³Éä×Ö·û (0xA8)
            // éœ?è¦ä½¿ç”? Bouncy Castle ç­‰ç¬¬ä¸‰æ–¹åº?
                     ^
F:\My-study\cryptoframework-demo\java\CryptoDemo.java:282: ´íÎó: ±àÂë GBK µÄ²»¿ÉÓ³Éä×Ö·û (0x93)
            // éœ?è¦ä½¿ç”? Bouncy Castle ç­‰ç¬¬ä¸‰æ–¹åº?
                                            ^
F:\My-study\cryptoframework-demo\java\CryptoDemo.java:283: ´íÎó: ±àÂë GBK µÄ²»¿ÉÓ³Éä×Ö·û (0x80)
            // è¿™é‡Œè¿”å›ä¸?ä¸ªæ¨¡æ‹Ÿçš„è§£å¯†ç»“æœ
                      ^
F:\My-study\cryptoframework-demo\java\CryptoDemo.java:291: ´íÎó: ±àÂë GBK µÄ²»¿ÉÓ³Éä×Ö·û (0x80)
            // éœ?è¦ä½¿ç”? Bouncy Castle ç­‰ç¬¬ä¸‰æ–¹åº?
                ^
F:\My-study\cryptoframework-demo\java\CryptoDemo.java:291: ´íÎó: ±àÂë GBK µÄ²»¿ÉÓ³Éä×Ö·û (0xA8)
            // éœ?è¦ä½¿ç”? Bouncy Castle ç­‰ç¬¬ä¸‰æ–¹åº?
                     ^
F:\My-study\cryptoframework-demo\java\CryptoDemo.java:291: ´íÎó: ±àÂë GBK µÄ²»¿ÉÓ³Éä×Ö·û (0x93)
            // éœ?è¦ä½¿ç”? Bouncy Castle ç­‰ç¬¬ä¸‰æ–¹åº?
                                            ^
F:\My-study\cryptoframework-demo\java\CryptoDemo.java:292: ´íÎó: ±àÂë GBK µÄ²»¿ÉÓ³Éä×Ö·û (0x80)
            // è¿™é‡Œè¿”å›ä¸?ä¸ªæ¨¡æ‹Ÿçš„ç­¾å
                      ^
F:\My-study\cryptoframework-demo\java\CryptoDemo.java:300: ´íÎó: ±àÂë GBK µÄ²»¿ÉÓ³Éä×Ö·û (0x80)
            // éœ?è¦ä½¿ç”? Bouncy Castle ç­‰ç¬¬ä¸‰æ–¹åº?
                ^
F:\My-study\cryptoframework-demo\java\CryptoDemo.java:300: ´íÎó: ±àÂë GBK µÄ²»¿ÉÓ³Éä×Ö·û (0xA8)
            // éœ?è¦ä½¿ç”? Bouncy Castle ç­‰ç¬¬ä¸‰æ–¹åº?
                     ^
F:\My-study\cryptoframework-demo\java\CryptoDemo.java:300: ´íÎó: ±àÂë GBK µÄ²»¿ÉÓ³Éä×Ö·û (0x93)
            // éœ?è¦ä½¿ç”? Bouncy Castle ç­‰ç¬¬ä¸‰æ–¹åº?
                                            ^
F:\My-study\cryptoframework-demo\java\CryptoDemo.java:301: ´íÎó: ±àÂë GBK µÄ²»¿ÉÓ³Éä×Ö·û (0x80)
            // è¿™é‡Œè¿”å›ä¸?ä¸ªæ¨¡æ‹Ÿçš„éªŒç­¾ç»“æœ
                      ^
F:\My-study\cryptoframework-demo\java\CryptoDemo.java:382: ´íÎó: ±àÂë GBK µÄ²»¿ÉÓ³Éä×Ö·û (0xBA)
        System.out.println("HMAC æ¶ˆæ¯è®¤è¯ç æ¼”ç¤?");
                                           ^
F:\My-study\cryptoframework-demo\java\CryptoDemo.java:405: ´íÎó: ±àÂë GBK µÄ²»¿ÉÓ³Éä×Ö·û (0x80)
        System.out.println("ç›å?? (hex): " + bytesToHex(result.salt));
                              ^
F:\My-study\cryptoframework-demo\java\CryptoDemo.java:405: ´íÎó: ±àÂë GBK µÄ²»¿ÉÓ³Éä×Ö·û (0xBC)
        System.out.println("ç›å?? (hex): " + bytesToHex(result.salt));
                               ^
F:\My-study\cryptoframework-demo\java\CryptoDemo.java:457: ´íÎó: ±àÂë GBK µÄ²»¿ÉÓ³Éä×Ö·û (0x80)
        System.out.println("æ³¨æ„: ç”±äº Java æ ‡å‡†åº“ä¸ç›´æ¥æ”¯æŒ SM9 ç®—æ³•ï¼Œè¿™é‡Œä½¿ç”¨çš„æ˜¯æ¨¡æ‹Ÿå®ç°ã??");
                                                                               ^
F:\My-study\cryptoframework-demo\java\CryptoDemo.java:457: ´íÎó: ±àÂë GBK µÄ²»¿ÉÓ³Éä×Ö·û (0x82)
        System.out.println("æ³¨æ„: ç”±äº Java æ ‡å‡†åº“ä¸ç›´æ¥æ”¯æŒ SM9 ç®—æ³•ï¼Œè¿™é‡Œä½¿ç”¨çš„æ˜¯æ¨¡æ‹Ÿå®ç°ã??");
                                                                                ^
F:\My-study\cryptoframework-demo\java\CryptoDemo.java:458: ´íÎó: ±àÂë GBK µÄ²»¿ÉÓ³Éä×Ö·û (0xA0)
        System.out.println("è¦ä½¿ç”¨çœŸå®çš„ SM9 ç®—æ³•ï¼Œéœ€è¦æ·»åŠ? Bouncy Castle ç­‰ç¬¬ä¸‰æ–¹åº“ã??");
                                                    ^
F:\My-study\cryptoframework-demo\java\CryptoDemo.java:458: ´íÎó: ±àÂë GBK µÄ²»¿ÉÓ³Éä×Ö·û (0x80)
        System.out.println("è¦ä½¿ç”¨çœŸå®çš„ SM9 ç®—æ³•ï¼Œéœ€è¦æ·»åŠ? Bouncy Castle ç­‰ç¬¬ä¸‰æ–¹åº“ã??");
                                                                            ^
F:\My-study\cryptoframework-demo\java\CryptoDemo.java:458: ´íÎó: ±àÂë GBK µÄ²»¿ÉÓ³Éä×Ö·û (0x82)
        System.out.println("è¦ä½¿ç”¨çœŸå®çš„ SM9 ç®—æ³•ï¼Œéœ€è¦æ·»åŠ? Bouncy Castle ç­‰ç¬¬ä¸‰æ–¹åº“ã??");
                                                                             ^
F:\My-study\cryptoframework-demo\java\CryptoDemo.java:472: ´íÎó: ±àÂë GBK µÄ²»¿ÉÓ³Éä×Ö·û (0x80)
            System.out.println("æ‰?æœ‰æ¼”ç¤ºå®Œæˆ?!");
                                 ^
F:\My-study\cryptoframework-demo\java\CryptoDemo.java:472: ´íÎó: ±àÂë GBK µÄ²»¿ÉÓ³Éä×Ö·û (0x90)
            System.out.println("æ‰?æœ‰æ¼”ç¤ºå®Œæˆ?!");
                                         ^
2026.04.13 20:59:53 INFO  time: code lens generation in 2.32s
2026.04.13 20:59:53 INFO  no build target found for F:\My-study\cryptoframework-demo\java\CryptoDemo.java. Using fallback presentation compiler.
2026.04.13 20:59:53 INFO  no build target found for F:\My-study\cryptoframework-demo\java\CryptoDemo.java. Using fallback presentation compiler.
2026.04.13 20:59:55 INFO  no build target found for F:\My-study\cryptoframework-demo\java\CryptoDemo.java. Using fallback presentation compiler.
2026.04.13 20:59:56 INFO  no build target found for F:\My-study\cryptoframework-demo\java\CryptoDemo.java. Using fallback presentation compiler.
4ÔÂ 13, 2026 9:01:27 ÏÂÎç org.eclipse.lsp4j.jsonrpc.services.GenericEndpoint notify
ĞÅÏ¢: Unsupported notification method: $/setTrace
4ÔÂ 13, 2026 9:01:27 ÏÂÎç org.eclipse.lsp4j.jsonrpc.services.GenericEndpoint notify
ĞÅÏ¢: Unsupported notification method: $/setTrace
4ÔÂ 13, 2026 9:01:27 ÏÂÎç org.eclipse.lsp4j.jsonrpc.services.GenericEndpoint notify
ĞÅÏ¢: Unsupported notification method: $/setTrace
2026.04.13 21:01:27 INFO  no build target found for F:\My-study\cryptoframework-demo\java\CryptoDemo.java. Using fallback presentation compiler.
2026.04.13 21:01:27 INFO  no build target found for F:\My-study\cryptoframework-demo\java\CryptoDemo.java. Using fallback presentation compiler.
2026.04.13 21:01:27 INFO  no build target found for F:\My-study\cryptoframework-demo\java\CryptoDemo.java. Using fallback presentation compiler.
4ÔÂ 13, 2026 9:04:30 ÏÂÎç org.eclipse.lsp4j.jsonrpc.services.GenericEndpoint notify
ĞÅÏ¢: Unsupported notification method: $/setTrace
2026.04.13 21:04:30 INFO  no build target found for F:\My-study\cryptoframework-demo\java\CryptoDemo.java. Using fallback presentation compiler.
2026.04.13 21:06:57 INFO  Shutting down server
2026.04.13 21:06:57 INFO  Memory monitor stopped
2026.04.13 21:06:57 INFO  shutting down Metals
2026.04.13 21:06:57 INFO  Exiting server
2026.04.14 16:26:50 INFO  tracing is disabled for protocol LSP, to enable tracing of incoming and outgoing JSON messages create an empty file at f:\My-HarmonyOS\HarmonyOS-APP\qinxu\.metals\lsp.trace.json or C:\Users\yelan\AppData\Local\scalameta\metals\cache\lsp.trace.json
2026.04.14 16:26:51 INFO  logging to files F:\My-HarmonyOS\HarmonyOS-APP\qinxu\.metals\metals.log,F:\My-study\.metals\metals.log
2026.04.14 16:26:51 INFO  Started: Metals version 1.6.7 in folders 'F:\My-HarmonyOS\HarmonyOS-APP\qinxu, F:\My-study' for client Trae CN 1.107.1.
2026.04.14 16:26:51 INFO  Memory monitor started
2026.04.14 16:26:52 WARN  Using H2 2.4.240 which is newer than the version Flyway has been verified with. The latest verified version of H2 is 2.3.232.
2026.04.14 16:26:53 WARN  Using H2 2.4.240 which is newer than the version Flyway has been verified with. The latest verified version of H2 is 2.3.232.
2026.04.14 16:26:53 WARN  no build tool detected in workspace 'F:\My-HarmonyOS\HarmonyOS-APP\qinxu'. The most common cause for this problem is that the editor was opened in the wrong working directory, for example if you use sbt then the workspace directory should contain build.sbt. 
2026.04.14 16:26:53 WARN  no build tool detected in workspace 'F:\My-study'. The most common cause for this problem is that the editor was opened in the wrong working directory, for example if you use sbt then the workspace directory should contain build.sbt. 
2026.04.14 16:26:54 WARN  Build server is not auto-connectable.
2026.04.14 16:26:54 WARN  Build server is not auto-connectable.
4ÔÂ 14, 2026 4:29:11 ÏÂÎç org.eclipse.lsp4j.jsonrpc.services.GenericEndpoint notify
ĞÅÏ¢: Unsupported notification method: $/setTrace
4ÔÂ 14, 2026 4:34:11 ÏÂÎç org.eclipse.lsp4j.jsonrpc.services.GenericEndpoint notify
ĞÅÏ¢: Unsupported notification method: $/setTrace
4ÔÂ 14, 2026 4:39:11 ÏÂÎç org.eclipse.lsp4j.jsonrpc.services.GenericEndpoint notify
ĞÅÏ¢: Unsupported notification method: $/setTrace
4ÔÂ 14, 2026 4:44:11 ÏÂÎç org.eclipse.lsp4j.jsonrpc.services.GenericEndpoint notify
ĞÅÏ¢: Unsupported notification method: $/setTrace
4ÔÂ 14, 2026 4:49:11 ÏÂÎç org.eclipse.lsp4j.jsonrpc.services.GenericEndpoint notify
ĞÅÏ¢: Unsupported notification method: $/setTrace
4ÔÂ 14, 2026 4:54:11 ÏÂÎç org.eclipse.lsp4j.jsonrpc.services.GenericEndpoint notify
ĞÅÏ¢: Unsupported notification method: $/setTrace
4ÔÂ 14, 2026 4:59:10 ÏÂÎç org.eclipse.lsp4j.jsonrpc.services.GenericEndpoint notify
ĞÅÏ¢: Unsupported notification method: $/setTrace
4ÔÂ 14, 2026 5:04:10 ÏÂÎç org.eclipse.lsp4j.jsonrpc.services.GenericEndpoint notify
ĞÅÏ¢: Unsupported notification method: $/setTrace
4ÔÂ 14, 2026 5:09:10 ÏÂÎç org.eclipse.lsp4j.jsonrpc.services.GenericEndpoint notify
ĞÅÏ¢: Unsupported notification method: $/setTrace
4ÔÂ 14, 2026 5:14:10 ÏÂÎç org.eclipse.lsp4j.jsonrpc.services.GenericEndpoint notify
ĞÅÏ¢: Unsupported notification method: $/setTrace
4ÔÂ 14, 2026 5:19:10 ÏÂÎç org.eclipse.lsp4j.jsonrpc.services.GenericEndpoint notify
ĞÅÏ¢: Unsupported notification method: $/setTrace
2026.04.14 17:32:59 INFO  Shutting down server
2026.04.14 17:32:59 INFO  Memory monitor stopped
2026.04.14 17:32:59 INFO  shutting down Metals
2026.04.14 17:32:59 INFO  Exiting server
